// Jest Snapshot v1, https://goo.gl/fbAQLP

exports[`<App /> should match snapshot 1`] = `
<div
  className="App"
>
  <h1
    className="Header"
  >
    Star Wars is owed a paycheck
  </h1>
</div>
`;
